// Jest Snapshot v1, https://goo.gl/fbAQLP

exports[`DateSeparator matches snapshot 1`] = `
<div
  class="date--separator"
>
  
  Nov 18, 2019

</div>
`;
